12-14 02:39:50.760 D/PblAndroid(4944): 	at com.getpebble.android.comm.BluetoothConnectionManager$PebbleConnectorThread.runAnyVersion(BluetoothConnectionManager.java:819) ~[na:0.0]
12-14 02:39:50.760 D/PblAndroid(4944): 	at com.getpebble.android.comm.BluetoothConnectionManager$PebbleConnectorThread.run(BluetoothConnectionManager.java:656) ~[na:0.0]
12-14 02:39:50.760 I/PblAndroid(4944): (4) setDebugState: cwchf socket.connect() from IOE
12-14 02:39:50.760 W/BluetoothAdapter(4944): getBluetoothService() called with no BluetoothManagerCallback
12-14 02:39:50.760 E/BluetoothServiceJni(5422): Socket connection failed: 2
12-14 02:39:50.760 E/BluetoothAdapterService(1089157744)( 5422): Failed to connect socket
12-14 02:39:50.770 D/BluetoothSocket(4944): connect(), SocketState: INIT, mPfd: null
12-14 02:39:50.770 W/PblAndroid(4944): (4) Connect call failed on bluetooth socketjava.io.IOException: bt socket connect failed
12-14 02:39:50.770 W/PblAndroid(4944): 	at android.bluetooth.BluetoothSocket.connect(BluetoothSocket.java:312) ~[na:0.0]
12-14 02:39:50.770 W/PblAndroid(4944): 	at com.getpebble.android.comm.BluetoothConnectionManager$PebbleConnectorThread.connectWithCompatHackFallback(BluetoothConnectionManager.java:1017) ~[na:0.0]
12-14 02:39:50.770 W/PblAndroid(4944): 	at com.getpebble.android.comm.BluetoothConnectionManager$PebbleConnectorThread.runAnyVersion(BluetoothConnectionManager.java:819) ~[na:0.0]
12-14 02:39:50.770 W/PblAndroid(4944): 	at com.getpebble.android.comm.BluetoothConnectionManager$PebbleConnectorThread.run(BluetoothConnectionManager.java:656) ~[na:0.0]
12-14 02:39:50.770 I/PblAndroid(4944): (4) setDebugState: IOException
12-14 02:39:50.770 D/PblAndroid(4944): (4) > diagnoseConnectionFailure: unknown: -
12-14 02:39:50.780 D/PblAndroid(4944): (4) > 0: connect (312)
12-14 02:39:50.780 D/PblAndroid(4944): (4) > 1: connectWithCompatHackFallback (1017)
12-14 02:39:50.780 D/PblAndroid(4944): (4) > 2: runAnyVersion (819)
12-14 02:39:50.780 D/PblAndroid(4944): (4) > 3: run (656)
12-14 02:39:50.780 E/PblAndroid(4944): (4) Connection attempt failed 00:18:33:E0:EC:CE
12-14 02:39:50.780 D/PblAndroid(4944): (4) Connect attempt failed, waiting 2000 milliseconds before retrying...
12-14 02:39:50.790 I/PblAndroid(4944): (4) setDebugState: backoff: 2000
12-14 02:39:50.800 I/audio_a2dp_hw(141): start_audio_datapath: state 3
12-14 02:39:50.800 E/audio_a2dp_hw(141): start_audio_datapath: audiopath start failed
12-14 02:39:50.891 I/audio_a2dp_hw(141): start_audio_datapath: state 3
12-14 02:39:50.891 E/audio_a2dp_hw(141): start_audio_datapath: audiopath start failed
12-14 02:39:50.981 I/audio_a2dp_hw(141): start_audio_datapath: state 3
12-14 02:39:50.981 E/audio_a2dp_hw(141): start_audio_datapath: audiopath start failed
12-14 02:39:51.051 I/audio_a2dp_hw(141): start_audio_datapath: state 3
12-14 02:39:51.051 E/audio_a2dp_hw(141): start_audio_datapath: audiopath start failed
12-14 02:39:51.061 I/audio_a2dp_hw(141): out_set_parameters: state 3
12-14 02:39:51.071 D/A2dpStateMachine(5422): Connection state 00:18:6B:72:DB:66: 2->0
12-14 02:39:51.071 D/BluetoothAdapterService(1089157744)( 5422): getState(): mAdapterProperties: com.android.bluetooth.btservice.AdapterProperties@40eb3e20
12-14 02:39:51.081 D/BluetoothAdapterProperties(5422): CONNECTION_STATE_CHANGE: 00:18:6B:72:DB:66: 2 -> 0
12-14 02:39:51.091 D/BluetoothAdapterService(1089157744)( 5422): getState(): mAdapterProperties: com.android.bluetooth.btservice.AdapterProperties@40eb3e20
12-14 02:39:51.101 D/CachedBluetoothDevice(4827): onProfileStateChanged: profile A2DP newProfileState 0
12-14 02:39:51.101 D/BluetoothAdapterService(1089157744)( 5422): getState(): mAdapterProperties: com.android.bluetooth.btservice.AdapterProperties@40eb3e20
12-14 02:39:51.101 D/CachedBluetoothDevice(4827):  BT Turninig Off...Profile conn state change ignored...
12-14 02:39:51.101 D/BluetoothAdapterService(1089157744)( 5422): getState(): mAdapterProperties: com.android.bluetooth.btservice.AdapterProperties@40eb3e20
12-14 02:39:51.101 D/BluetoothAdapterService(1089157744)( 5422): getState(): mAdapterProperties: com.android.bluetooth.btservice.AdapterProperties@40eb3e20
12-14 02:39:51.111 D/PBL-BT  (4944): 02:39:51.124 BTDiscoveryControl.connectBluetoothSystemReceiver():259> connecting to new btsystemreceiver
12-14 02:39:51.111 I/str_params(141): key: 'exiting' value: '1'
12-14 02:39:51.141 I/audio_a2dp_hw(141): out_set_parameters: state 3
12-14 02:39:51.141 I/str_params(141): key: 'closing' value: 'true'
12-14 02:39:51.141 I/audio_a2dp_hw(141): out_set_parameters: state 2
12-14 02:39:51.141 I/str_params(141): key: 'exiting' value: '1'
12-14 02:39:51.141 E/audio_a2dp_hw(141): out_write: stream not in stopped or standby
12-14 02:39:51.141 I/audio_a2dp_hw(141): adev_close_output_stream: closing output (state 2)
12-14 02:39:51.141 I/audio_a2dp_hw(141): stop_audio_datapath: state 2
12-14 02:39:51.141 I/audio_a2dp_hw(141): skt_disconnect: fd -1
12-14 02:39:51.141 I/audio_a2dp_hw(141): skt_disconnect: fd 36
12-14 02:39:51.151 V/AudioHardwareMSM8660(141): AudioStreamOutMSM8x60::setParameters() routing=0
12-14 02:39:51.151 V/AudioHardwareMSM8660(141): set output routing 0
12-14 02:39:51.341 W/bt-btif (5422): invalid rfc slot id: 10
12-14 02:39:51.351 W/InputMethodManagerService(447): Window already focused, ignoring focus gain of: com.android.internal.view.IInputMethodClient$Stub$Proxy@413d00a0 attribute=null, token = android.os.BinderProxy@40fbdc90
12-14 02:39:52.402 V/AudioHardwareMSM8660(141): open driver
12-14 02:39:52.412 V/AudioHardwareMSM8660(141): get config
12-14 02:39:52.412 V/AudioHardwareMSM8660(141): set config
12-14 02:39:52.412 V/AudioHardwareMSM8660(141): buffer_size: 4800
12-14 02:39:52.412 V/AudioHardwareMSM8660(141): buffer_count: 2
12-14 02:39:52.412 V/AudioHardwareMSM8660(141): channel_count: 2
12-14 02:39:52.412 V/AudioHardwareMSM8660(141): sample_rate: 44100
12-14 02:39:52.422 E/AudioHardwareMSM8660(141): write(): dec_id = 1 cur_rx = 2
12-14 02:39:52.422 D/AudioHardwareMSM8660(141): do_aic3254_control device: 1 mode: 0 record: 0
12-14 02:39:52.422 D/AudioHardwareMSM8660(141): do_aic3254_control: set aic3254 rx to 13
12-14 02:39:52.432 E/AudioHardwareMSM8660(141): cur_rx for pcm playback = 2
12-14 02:39:52.432 E/AudioHardwareMSM8660(141): value of device and enable is 2 1 ALSA dev id:2
12-14 02:39:52.502 D/ACDB-LOADER(141): ACDB -> send_audio_cal, acdb_id = 15, path =  0
12-14 02:39:52.502 D/ACDB-LOADER(141): ACDB -> send_audtable
12-14 02:39:52.502 D/ACDB-LOADER(141): ACDB -> ACDB_CMD_GET_AUDPROC_COMMON_TABLE
12-14 02:39:52.502 D/ACDB-LOADER(141): ACDB -> AUDIO_SET_AUDPROC_CAL
12-14 02:39:52.502 D/ACDB-LOADER(141): ACDB -> send_audvoltable
12-14 02:39:52.502 D/ACDB-LOADER(141): ACDB -> ACDB_CMD_GET_AUDPROC_GAIN_DEP_VOLTBL_STEP_COPP
12-14 02:39:52.502 D/ACDB-LOADER(141): ACDB -> AUDIO_SET_AUDPROC_VOL_CAL
12-14 02:39:52.522 D/AudioHardwareMSM8660(141): addToTable stream 1
12-14 02:39:52.562 V/AudioHardwareMSM8660(141): AudioStreamOutMSM8x60::getParameters() voip_flag=
12-14 02:39:52.562 V/AudioHardwareMSM8660(141): AudioStreamOutMSM8x60::getParameters() voip_flag=
12-14 02:39:52.572 V/AudioHardwareMSM8660(141): AudioStreamOutMSM8x60::getParameters() voip_flag=
12-14 02:39:52.572 V/AudioHardwareMSM8660(141): AudioStreamOutMSM8x60::getParameters() voip_flag=
12-14 02:39:52.682 I/ActivityManager(447): START u0 {act=android.intent.action.MAIN cat=[android.intent.category.HOME] flg=0x10040000 pkg=com.cyanogenmod.trebuchet cmp=com.cyanogenmod.trebuchet/.Launcher} from pid 650
12-14 02:39:52.782 I/PblAndroid(4944): (4) setDebugState: connecting to device: 00:18:33:E0:EC:CE
12-14 02:39:52.832 I/am_pause_activity(447): [0,1089072280,com.andrew.apollo/.ui.activities.HomeActivity]
12-14 02:39:52.842 I/am_task_to_front(447): [0,3]
12-14 02:39:52.832 D/dalvikvm(447): GC_FOR_ALLOC freed 965K, 24% free 13339K/17476K, paused 120ms, total 120ms
12-14 02:39:52.842 I/am_new_intent(447): [0,1088871904,3,com.cyanogenmod.trebuchet/.Launcher,android.intent.action.MAIN,NULL,NULL,272891904]
12-14 02:39:52.862 I/PblAndroid(4944): (4) bondState = 12 address = 00:18:33:E0:EC:CE class = f00704 name = Pebble ECCE
12-14 02:39:52.842 I/am_on_paused_called(5600): [0,com.andrew.apollo.ui.activities.HomeActivity]
12-14 02:39:52.862 I/PblAndroid(4944): (4) setDebugState: createRfcommSocketToServiceRecord
12-14 02:39:52.852 I/am_resume_activity(447): [0,1095404920,3,com.cyanogenmod.trebuchet/.Launcher]
12-14 02:39:52.862 I/PblAndroid(4944): (4) setDebugState: cwchf socket.connect() btSocket.isConnected() = false
12-14 02:39:52.902 I/am_on_resume_called(827): [0,com.cyanogenmod.trebuchet.Launcher]
12-14 02:39:52.862 W/BluetoothAdapter(4944): getBluetoothService() called with no BluetoothManagerCallback
12-14 02:39:52.872 E/BluetoothServiceJni(5422): Socket connection failed: 2
12-14 02:39:52.872 E/BluetoothAdapterService(1089157744)( 5422): Failed to connect socket
12-14 02:39:52.872 D/BluetoothSocket(4944): connect(), SocketState: INIT, mPfd: null
12-14 02:39:52.872 I/PblAndroid(4944): (4) setDebugState: cwchf IOException: closing socket
12-14 02:39:52.872 I/PblAndroid(4944): (4) setDebugState: cwchf closed
12-14 02:39:52.872 D/PblAndroid(4944): (4) SDP Workaround?java.io.IOException: bt socket connect failed
12-14 02:39:52.872 D/PblAndroid(4944): 	at android.bluetooth.BluetoothSocket.connect(BluetoothSocket.java:312) ~[na:0.0]
12-14 02:39:52.872 D/PblAndroid(4944): 	at com.getpebble.android.comm.BluetoothConnectionManager$PebbleConnectorThread.connectWithCompatHackFallback(BluetoothConnectionManager.java:993) ~[na:0.0]
12-14 02:39:52.872 D/PblAndroid(4944): 	at com.getpebble.android.comm.BluetoothConnectionManager$PebbleConnectorThread.runAnyVersion(BluetoothConnectionManager.java:819) ~[na:0.0]
12-14 02:39:52.872 D/PblAndroid(4944): 	at com.getpebble.android.comm.BluetoothConnectionManager$PebbleConnectorThread.run(BluetoothConnectionManager.java:656) ~[na:0.0]
12-14 02:39:52.872 I/PblAndroid(4944): (4) setDebugState: cwchf socket.connect() from IOE
12-14 02:39:52.872 W/BluetoothAdapter(4944): getBluetoothService() called with no BluetoothManagerCallback
12-14 02:39:52.882 E/BluetoothServiceJni(5422): Socket connection failed: 2
12-14 02:39:52.882 E/BluetoothAdapterService(1089157744)( 5422): Failed to connect socket
12-14 02:39:52.892 D/BluetoothSocket(4944): connect(), SocketState: INIT, mPfd: null
12-14 02:39:52.892 W/PblAndroid(4944): (4) Connect call failed on bluetooth socketjava.io.IOException: bt socket connect failed
12-14 02:39:52.892 W/PblAndroid(4944): 	at android.bluetooth.BluetoothSocket.connect(BluetoothSocket.java:312) ~[na:0.0]
12-14 02:39:52.892 W/PblAndroid(4944): 	at com.getpebble.android.comm.BluetoothConnectionManager$PebbleConnectorThread.connectWithCompatHackFallback(BluetoothConnectionManager.java:1017) ~[na:0.0]
12-14 02:39:52.892 W/PblAndroid(4944): 	at com.getpebble.android.comm.BluetoothConnectionManager$PebbleConnectorThread.runAnyVersion(BluetoothConnectionManager.java:819) ~[na:0.0]
12-14 02:39:52.892 W/PblAndroid(4944): 	at com.getpebble.android.comm.BluetoothConnectionManager$PebbleConnectorThread.run(BluetoothConnectionManager.java:656) ~[na:0.0]
12-14 02:39:52.892 I/PblAndroid(4944): (4) setDebugState: IOException
12-14 02:39:52.892 D/PblAndroid(4944): (4) > diagnoseConnectionFailure: unknown: -
12-14 02:39:52.892 D/PblAndroid(4944): (4) > 0: connect (312)
12-14 02:39:52.892 D/PblAndroid(4944): (4) > 1: connectWithCompatHackFallback (1017)
12-14 02:39:52.892 D/PblAndroid(4944): (4) > 2: runAnyVersion (819)
12-14 02:39:52.902 D/PblAndroid(4944): (4) > 3: run (656)
12-14 02:39:52.902 E/PblAndroid(4944): (4) Connection attempt failed 00:18:33:E0:EC:CE
12-14 02:39:52.902 D/PblAndroid(4944): (4) Connect attempt failed, waiting 4000 milliseconds before retrying...
12-14 02:39:52.902 I/PblAndroid(4944): (4) setDebugState: backoff: 4000
12-14 02:39:53.733 E/bt-btm  (5422): btm_sec_disconnected - Clearing Pending flag
12-14 02:39:53.783 I/HeadsetService(4751): Headset=false; Bluetooth=true
12-14 02:39:53.793 I/BTConnectionReceiver(1348): onReceive(context, Intent { act=android.bluetooth.device.action.ACL_DISCONNECTED flg=0x8000010 cmp=com.google.android.googlequicksearchbox/com.google.android.search.core.service.BluetoothConnectionReceiver (has extras) }, [BluetoothDevice: address=00:18:33:E0:EC:CE, alias=null, name=Pebble ECCE, majorDeviceClass=1792, deviceClass=1796]
12-14 02:39:53.793 I/BluetoothClassifier(1348): Bluetooth Device Name: Pebble ECCE
12-14 02:39:53.803 D/PBL-BT  (4944): 02:39:53.813 BTDiscoveryControl.connectBluetoothSystemReceiver():259> connecting to new btsystemreceiver
12-14 02:39:53.803 W/PblAndroid(4944): ACTION_ACL_DISCONNECTED  for device 00:18:33:E0:EC:CE
12-14 02:39:53.853 I/ActivityManager(447): START u0 {act=android.intent.action.MAIN cat=[android.intent.category.LAUNCHER] flg=0x10200000 pkg=com.nolanlawson.logcat cmp=com.nolanlawson.logcat/.LogcatActivity bnds=[120,47][240,197]} from pid 827
12-14 02:39:53.974 V/AudioHardwareMSM8660(141): AudioStreamOutMSM8x60::getParameters() voip_flag=
12-14 02:39:53.984 I/am_pause_activity(447): [0,1095404920,com.cyanogenmod.trebuchet/.Launcher]
12-14 02:39:53.984 I/am_task_to_front(447): [0,11]
12-14 02:39:53.984 I/am_new_intent(447): [0,1088937176,11,com.nolanlawson.logcat/.LogcatActivity,android.intent.action.MAIN,NULL,NULL,274726912]
12-14 02:39:53.984 D/dalvikvm(447): GC_FOR_ALLOC freed 339K, 24% free 13293K/17476K, paused 105ms, total 105ms
12-14 02:39:53.984 I/binder_sample(827): [android.app.IActivityManager,3,130,com.cyanogenmod.trebuchet,26]
12-14 02:39:53.984 V/AudioHardwareMSM8660(141): AudioStreamOutMSM8x60::getParameters() voip_flag=
12-14 02:39:53.984 I/am_on_paused_called(827): [0,com.cyanogenmod.trebuchet.Launcher]
12-14 02:39:53.994 I/am_resume_activity(447): [0,1089231440,11,com.nolanlawson.logcat/.LogcatActivity]
12-14 02:39:54.004 V/AudioHardwareMSM8660(141): AudioStreamOutMSM8x60::getParameters() voip_flag=
12-14 02:39:54.004 I/am_on_resume_called(6105): [0,com.nolanlawson.logcat.LogcatActivity]
12-14 02:39:54.014 V/AudioHardwareMSM8660(141): AudioStreamOutMSM8x60::getParameters() voip_flag=
12-14 02:39:54.014 V/PhoneStatusBar(548): setLightsOn(true)
12-14 02:39:54.034 V/AudioHardwareMSM8660(141): AudioStreamOutMSM8x60::getParameters() voip_flag=
12-14 02:39:54.734 I/bt_hci_bdroid(5422): bt_hc_worker_thread exiting
12-14 02:39:54.734 W/bt-btif (5422): ag scb idx 1 not allocated
12-14 02:39:54.734 E/bt-btif (5422): BTA AG is already disabled, ignoring ...
12-14 02:39:54.734 W/bt-l2cap(5422): L2CAP - PSM: 0x0019 not found for deregistration
12-14 02:39:54.734 W/bt-l2cap(5422): L2CAP - PSM: 0x0017 not found for deregistration
12-14 02:39:54.734 W/bt-l2cap(5422): L2CAP - PSM: 0x0019 not found for deregistration
12-14 02:39:54.734 W/bt-l2cap(5422): L2CAP - PSM: 0x0017 not found for deregistration
12-14 02:39:54.734 W/bt-l2cap(5422): L2CAP - PSM: 0x0019 not found for deregistration
12-14 02:39:54.734 W/bt-l2cap(5422): L2CAP - PSM: 0x0017 not found for deregistration
12-14 02:39:54.734 W/bt_userial(5422): select_read return size <=0:-1, exiting userial_read_thread
12-14 02:39:54.734 I/bt_userial_vendor(5422): device fd = 75 close
12-14 02:39:54.734 D/BTSNOOP-DISP(5422): btsnoop_close
12-14 02:39:54.774 I/am_destroy_service(447): [0,1098455224,5422]
12-14 02:39:54.784 I/am_destroy_service(447): [0,1095843352,5422]
12-14 02:39:54.744 I/GKI_LINUX(5422): gki_task_entry: gki_task task_id=0 [BTU] terminating
12-14 02:39:54.744 I/GKI_LINUX(5422): GKI_exit_task: GKI_exit_task 0 done
12-14 02:39:54.784 I/am_destroy_service(447): [0,1095776104,5422]
12-14 02:39:54.744 I/GKI_LINUX(5422): GKI_destroy_task: GKI_shutdown(): task [BTU] terminated
12-14 02:39:54.794 I/am_destroy_service(447): [0,1096413056,5422]
12-14 02:39:54.764 D/HeadsetService(5422): Received stop request...Stopping profile...
12-14 02:39:54.794 I/am_destroy_service(447): [0,1091760992,5422]
12-14 02:39:54.764 D/BluetoothHeadset(447): Proxy object disconnected
12-14 02:39:54.764 D/BluetoothHeadset(627): Proxy object disconnected
12-14 02:39:54.774 D/BluetoothHeadset(627): Proxy object disconnected
12-14 02:39:54.774 D/BluetoothAdapterService(5422): Profile still running: com.android.bluetooth.hdp.HealthService
12-14 02:39:54.784 D/A2dpService(5422): Received stop request...Stopping profile...
12-14 02:39:54.784 D/A2dpStateMachine(5422): Exit Disconnected: -1
12-14 02:39:54.784 D/BluetoothA2dp(447): Proxy object disconnected
12-14 02:39:54.784 W/BluetoothHeadsetServiceJni(5422): Cleaning up Bluetooth Handsfree Interface...
12-14 02:39:54.784 E/bt-btif (5422): btif_disable_service: Current Services:0x140000
12-14 02:39:54.814 I/am_destroy_service(447): [0,1090652136,5422]
12-14 02:39:54.784 W/BluetoothHeadsetServiceJni(5422): Cleaning up Bluetooth Handsfree callback object
12-14 02:39:54.784 D/BluetoothAdapterState(5422): Stopping profile services that were post enabled
12-14 02:39:54.784 D/HidService(5422): Received stop request...Stopping profile...
12-14 02:39:54.794 D/HealthService(5422): Received stop request...Stopping profile...
12-14 02:39:54.794 D/BluetoothAdapterService(5422): Profile still running: com.android.bluetooth.hdp.HealthService
12-14 02:39:54.794 D/BluetoothHeadset(4827): Proxy object disconnected
12-14 02:39:54.794 D/HeadsetProfile(4827): Bluetooth service disconnected
12-14 02:39:54.794 D/BluetoothA2dp(4827): Proxy object disconnected
12-14 02:39:54.794 D/A2dpProfile(4827): Bluetooth service disconnected
12-14 02:39:54.794 E/bt-btif (5422): warning : no command pending, ignore ack
12-14 02:39:54.794 D/BluetoothInputDevice(4827): Proxy object disconnected
12-14 02:39:54.794 D/HidProfile(4827): Bluetooth service disconnected
12-14 02:39:54.794 I/GKI_LINUX(5422): gki_task_entry: gki_task task_id=2 [A2DP-MEDIA] terminating
12-14 02:39:54.794 I/GKI_LINUX(5422): GKI_exit_task: GKI_exit_task 2 done
12-14 02:39:54.794 I/GKI_LINUX(5422): GKI_destroy_task: GKI_shutdown(): task [A2DP-MEDIA] terminated
12-14 02:39:54.794 E/bt-btif (5422): btif_disable_service: Current Services:0x100000
12-14 02:39:54.794 D/PanService(5422): Received stop request...Stopping profile...
12-14 02:39:54.794 D/BluetoothPan(447): BluetoothPAN Proxy object disconnected
12-14 02:39:54.794 D/BluetoothPan(4827): BluetoothPAN Proxy object disconnected
12-14 02:39:54.794 D/PanProfile(4827): Bluetooth service disconnected
12-14 02:39:54.794 D/BluetoothAdapterService(5422): Profile still running: com.android.bluetooth.hdp.HealthService
12-14 02:39:54.794 W/BluetoothHidServiceJni(5422): Cleaning up Bluetooth HID Interface...
12-14 02:39:54.794 W/bt-btif (5422): cleanup: HH disabling or disabled already, status = 0
12-14 02:39:54.794 W/BluetoothHidServiceJni(5422): Cleaning up Bluetooth GID callback object
12-14 02:39:54.794 D/BluetoothAdapterService(5422): Profile still running: com.android.bluetooth.pan.PanService
12-14 02:39:54.794 W/BluetoothHealthServiceJni(5422): Cleaning up Bluetooth Health Interface...
12-14 02:39:54.794 E/bt-btif (5422): btif_disable_service: Current Services:0x100000
12-14 02:39:54.794 W/BluetoothHealthServiceJni(5422): Cleaning up Bluetooth Health object
12-14 02:39:54.794 W/BluetoothPanServiceJni(5422): Cleaning up Bluetooth PAN Interface...
12-14 02:39:54.844 I/am_create_service(447): [0,1095715344,com.android.settings/.bluetooth.DockService,4827]
12-14 02:39:54.794 W/BluetoothPanServiceJni(5422): Cleaning up Bluetooth PAN callback object
12-14 02:39:54.854 I/am_destroy_service(447): [0,1095715344,4827]
12-14 02:39:54.804 D/BluetoothAdapterService(5422): Broadcasting updateAdapterState() to 1 receivers.
12-14 02:39:54.864 I/am_destroy_service(447): [0,1095832264,5422]
12-14 02:39:54.804 D/BluetoothManagerService(447): Message: 60
12-14 02:39:54.804 D/BluetoothManagerService(447): MESSAGE_BLUETOOTH_STATE_CHANGE: prevState = 13, newState=10
12-14 02:39:54.804 D/BluetoothManagerService(447): Broadcasting onBluetoothStateChange(false) to 10 receivers.
12-14 02:39:54.804 D/BluetoothA2dp(4827): onBluetoothStateChange: up=false
12-14 02:39:54.804 D/BluetoothHeadset(447): onBluetoothStateChange: up=false
12-14 02:39:54.804 D/BluetoothHeadset(627): onBluetoothStateChange: up=false
12-14 02:39:54.804 D/BluetoothHeadset(4827): onBluetoothStateChange: up=false
12-14 02:39:54.804 D/BluetoothPbap(4827): onBluetoothStateChange: up=false
12-14 02:39:54.804 D/BluetoothInputDevice(4827): onBluetoothStateChange: up=false
12-14 02:39:54.804 D/BluetoothHeadset(627): onBluetoothStateChange: up=false
12-14 02:39:54.804 D/BluetoothA2dp(447): onBluetoothStateChange: up=false
12-14 02:39:54.814 D/BluetoothAdapterService(1089157744)( 5422): getState(): mAdapterProperties: com.android.bluetooth.btservice.AdapterProperties@40eb3e20
12-14 02:39:54.814 D/BluetoothManagerService(447): Calling onBluetoothServiceDown callbacks
12-14 02:39:54.814 D/BluetoothManagerService(447): Broadcasting onBluetoothServiceDown() to 11 receivers.
12-14 02:39:54.884 I/am_destroy_service(447): [0,1089530776,4944]
12-14 02:39:54.814 D/BluetoothManagerService(447): unbindAndFinish(): android.bluetooth.IBluetooth$Stub$Proxy@411dbfd8 mBinding = false
12-14 02:39:54.884 I/notification_cancel(447): [com.getpebble.android,4243,NULL,0,0,0]
12-14 02:39:54.814 D/BluetoothManagerService(447): Sending unbind request.
12-14 02:39:54.814 D/BluetoothManagerService(447): Bluetooth State Change Intent: 13 -> 10
12-14 02:39:54.814 D/BluetoothAdapterService(5422): Cleaning up adapter native....
12-14 02:39:54.824 D/BluetoothAdapter(548): 1088980320: getState() :  mService = null. Returning STATE_OFF
12-14 02:39:54.824 D/BluetoothAdapter(548): 1088980320: getState() :  mService = null. Returning STATE_OFF
12-14 02:39:54.834 I/GKI_LINUX(5422): gki_task_entry: gki_task task_id=1 [BTIF] terminating
12-14 02:39:54.834 I/GKI_LINUX(5422): GKI_exit_task: GKI_exit_task 1 done
12-14 02:39:54.834 I/GKI_LINUX(5422): GKI_destroy_task: GKI_shutdown(): task [BTIF] terminated
12-14 02:39:54.834 I/BluetoothServiceJni(5422): cleanupNative: return from cleanup
12-14 02:39:54.834 D/BluetoothAdapterService(5422): Done cleaning up adapter native....
12-14 02:39:54.834 D/BluetoothAdapterService(1089157744)( 5422): ****onDestroy()********
12-14 02:39:54.844 W/ContextImpl(4827): Calling a method in the system process without a qualified user: android.app.ContextImpl.startService:1404 android.content.ContextWrapper.startService:450 android.content.ContextWrapper.startService:450 com.android.settings.bluetooth.DockEventReceiver.beginStartingService:134 com.android.settings.bluetooth.DockEventReceiver.onReceive:115 
12-14 02:39:54.854 D/DockEventReceiver(4827): finishStartingService: stopping service
12-14 02:39:54.854 D/BluetoothMasReceiver(5422): Bluetooth STATE CHANGED to 10
12-14 02:39:54.874 D/BluetoothAdapter(4827): 1087836504: getState() :  mService = null. Returning STATE_OFF
12-14 02:39:54.874 D/AuthorizationBluetoothService(848): Received Bluetooth event: Intent { act=android.bluetooth.adapter.action.STATE_CHANGED flg=0x8000010 cmp=com.google.android.gms/.auth.be.proximity.authorization.bt.AuthorizationBluetoothService$BluetoothStateChangeReceiver (has extras) }.
12-14 02:39:54.884 D/PBL-BT  (4944): 02:39:54.897 BTDiscoveryControl.connectBluetoothSystemReceiver():259> connecting to new btsystemreceiver
12-14 02:39:54.884 I/PblAndroid(4944): Bluetooth turned off; killing PebbleService
12-14 02:39:54.894 D/PblAndroid(4944): disconnect()
12-14 02:39:54.894 D/PblAndroid(4944): disconnect(true)
12-14 02:39:54.894 D/PblAndroid(4944): PebbleConnection setDesiredConnectionState = DISCONNECTED_AND_PAIRED
12-14 02:39:54.894 W/PblAndroid(4944): (Received signal to tear down all active connections! uid = 0
12-14 02:39:54.894 W/PblAndroid(4944): (0) stopAllCommunicationThreads()
12-14 02:39:54.894 D/PblAndroid(4944): (4) Interrupted while in connect exponential backoff; bailing out early
12-14 02:39:54.894 I/PblAndroid(4944): (4) Cancel: attempting to close socket
12-14 02:39:54.894 I/PblAndroid(4944): (4) setDebugState: abortConnectionThread closing socket
12-14 02:39:54.894 D/PblAndroid(4944): PebbleConnection setDesiredConnectionState = DISCONNECTED_AND_PAIRED
12-14 02:39:54.894 D/PblAndroid(4944): PebbleConnection setActualConnectionState = DISCONNECTED_AND_PAIRED
12-14 02:39:54.894 W/PblAndroid(4944): handleConnectionFailed() Failed to connect to device
12-14 02:39:54.894 D/PblAndroid(4944): disconnect(false)
12-14 02:39:54.894 D/PblAndroid(4944): PebbleConnection setDesiredConnectionState = DISCONNECTED_AND_PAIRED
12-14 02:39:54.894 W/PblAndroid(4944): (Received signal to tear down all active connections! uid = 0
12-14 02:39:54.894 W/PblAndroid(4944): (0) stopAllCommunicationThreads()
12-14 02:39:54.894 I/PblAndroid(4944): (4) ConnectorThread received interrupt signal
12-14 02:39:54.894 D/PblAndroid(4944): PebbleConnection setActualConnectionState = DISCONNECTED_AND_PAIRED
12-14 02:39:54.904 E/PblAndroid(4944): 00:18:33:E0:EC:CEActualConnectionState=Disconnected and paired, DesiredConnectionState=Disconnected and paired
12-14 02:39:54.904 D/PBL-BT  (4944): 02:39:54.913 BluetoothConnectionManager.signalConnectionChanged():458> DISCONNECTED_AND_PAIRED
12-14 02:39:54.904 I/PblAndroid(4944): (4) ConnectorThread received interrupt signal
12-14 02:39:54.904 D/PblAndroid(4944): PebbleConnection setActualConnectionState = DISCONNECTED_AND_PAIRED
12-14 02:39:54.904 E/PblAndroid(4944): 00:18:33:E0:EC:CEActualConnectionState=Disconnected and paired, DesiredConnectionState=Disconnected and paired
12-14 02:39:54.914 I/PblAndroid(4944): (4) setDebugState: abortConnectionThread complete
12-14 02:39:54.914 I/PblAndroid(4944): (4) setDebugState: complete
12-14 02:39:54.914 D/PBL-BT  (4944): 02:39:54.925 BluetoothConnectionManager.signalConnectionChanged():458> DISCONNECTED_AND_PAIRED
12-14 02:39:54.924 I/PblDeveloperConnection(4944): DeveloperConnectionServer stopped: 0.0.0.0
12-14 02:39:54.974 D/dalvikvm(6105): GC_CONCURRENT freed 3011K, 56% free 4731K/10660K, paused 23ms+9ms, total 90ms
