12-14 02:38:37.889 V/AudioHardwareMSM8660(141): open driver
12-14 02:38:37.909 V/AudioHardwareMSM8660(141): get config
12-14 02:38:37.909 V/AudioHardwareMSM8660(141): set config
12-14 02:38:37.909 V/AudioHardwareMSM8660(141): buffer_size: 4800
12-14 02:38:37.909 V/AudioHardwareMSM8660(141): buffer_count: 2
12-14 02:38:37.909 V/AudioHardwareMSM8660(141): channel_count: 2
12-14 02:38:37.909 V/AudioHardwareMSM8660(141): sample_rate: 44100
12-14 02:38:37.909 E/AudioHardwareMSM8660(141): write(): dec_id = 1 cur_rx = 2
12-14 02:38:37.909 D/AudioHardwareMSM8660(141): do_aic3254_control device: 1 mode: 0 record: 0
12-14 02:38:37.909 D/AudioHardwareMSM8660(141): do_aic3254_control: set aic3254 rx to 13
12-14 02:38:37.919 E/AudioHardwareMSM8660(141): cur_rx for pcm playback = 2
12-14 02:38:37.919 E/AudioHardwareMSM8660(141): value of device and enable is 2 1 ALSA dev id:2
12-14 02:38:37.999 D/ACDB-LOADER(141): ACDB -> send_audio_cal, acdb_id = 15, path =  0
12-14 02:38:37.999 D/ACDB-LOADER(141): ACDB -> send_audtable
12-14 02:38:37.999 D/ACDB-LOADER(141): ACDB -> ACDB_CMD_GET_AUDPROC_COMMON_TABLE
12-14 02:38:37.999 D/ACDB-LOADER(141): ACDB -> AUDIO_SET_AUDPROC_CAL
12-14 02:38:37.999 D/ACDB-LOADER(141): ACDB -> send_audvoltable
12-14 02:38:37.999 D/ACDB-LOADER(141): ACDB -> ACDB_CMD_GET_AUDPROC_GAIN_DEP_VOLTBL_STEP_COPP
12-14 02:38:37.999 D/ACDB-LOADER(141): ACDB -> AUDIO_SET_AUDPROC_VOL_CAL
12-14 02:38:38.009 D/AudioHardwareMSM8660(141): addToTable stream 1
12-14 02:38:38.049 V/AudioHardwareMSM8660(141): AudioStreamOutMSM8x60::getParameters() voip_flag=
12-14 02:38:38.049 V/AudioHardwareMSM8660(141): AudioStreamOutMSM8x60::getParameters() voip_flag=
12-14 02:38:38.069 V/AudioHardwareMSM8660(141): AudioStreamOutMSM8x60::getParameters() voip_flag=
12-14 02:38:38.079 V/AudioHardwareMSM8660(141): AudioStreamOutMSM8x60::getParameters() voip_flag=
12-14 02:38:41.032 D/AudioHardwareMSM8660(141): AudioStreamOutMSM8x60::standby()
12-14 02:38:41.032 D/AudioHardwareMSM8660(141): Deroute pcm stream
12-14 02:38:41.032 D/AudioHardwareMSM8660(141): deleteFromTable stream 1
12-14 02:38:41.032 D/AudioHardwareMSM8660(141): updateDeviceInfo: E
12-14 02:38:41.032 D/AudioHardwareMSM8660(141): simple device switch
12-14 02:38:41.032 E/AudioHardwareMSM8660(141): value of device and enable is 2 0 ALSA dev id:2
12-14 02:38:41.092 E/AudioHardwareMSM8660(141): value of device and enable is 3 0 ALSA dev id:4
12-14 02:38:41.092 D/AudioHardwareMSM8660(141): do_aic3254_control device: 1 mode: 0 record: 0
12-14 02:38:41.092 D/AudioHardwareMSM8660(141): do_aic3254_control: set aic3254 rx to 29
12-14 02:38:41.132 I/AudioHardwareMSM8660(141): aic3254 powered off
12-14 02:38:44.526 I/binder_sample(4827): [android.view.IWindowSession,5,25,com.android.settings,5]
12-14 02:38:45.707 V/AudioHardwareMSM8660(141): open driver
12-14 02:38:45.717 V/AudioHardwareMSM8660(141): get config
12-14 02:38:45.717 V/AudioHardwareMSM8660(141): set config
12-14 02:38:45.717 V/AudioHardwareMSM8660(141): buffer_size: 4800
12-14 02:38:45.717 V/AudioHardwareMSM8660(141): buffer_count: 2
12-14 02:38:45.717 V/AudioHardwareMSM8660(141): channel_count: 2
12-14 02:38:45.717 V/AudioHardwareMSM8660(141): sample_rate: 44100
12-14 02:38:45.727 E/AudioHardwareMSM8660(141): write(): dec_id = 1 cur_rx = 2
12-14 02:38:45.727 D/AudioHardwareMSM8660(141): do_aic3254_control device: 1 mode: 0 record: 0
12-14 02:38:45.727 D/AudioHardwareMSM8660(141): do_aic3254_control: set aic3254 rx to 13
12-14 02:38:45.737 E/AudioHardwareMSM8660(141): cur_rx for pcm playback = 2
12-14 02:38:45.737 E/AudioHardwareMSM8660(141): value of device and enable is 2 1 ALSA dev id:2
12-14 02:38:45.817 D/ACDB-LOADER(141): ACDB -> send_audio_cal, acdb_id = 15, path =  0
12-14 02:38:45.817 D/ACDB-LOADER(141): ACDB -> send_audtable
12-14 02:38:45.817 D/ACDB-LOADER(141): ACDB -> ACDB_CMD_GET_AUDPROC_COMMON_TABLE
12-14 02:38:45.817 D/ACDB-LOADER(141): ACDB -> AUDIO_SET_AUDPROC_CAL
12-14 02:38:45.817 D/ACDB-LOADER(141): ACDB -> send_audvoltable
12-14 02:38:45.817 D/ACDB-LOADER(141): ACDB -> ACDB_CMD_GET_AUDPROC_GAIN_DEP_VOLTBL_STEP_COPP
12-14 02:38:45.817 D/ACDB-LOADER(141): ACDB -> AUDIO_SET_AUDPROC_VOL_CAL
12-14 02:38:45.827 D/AudioHardwareMSM8660(141): addToTable stream 1
12-14 02:38:45.867 V/AudioHardwareMSM8660(141): AudioStreamOutMSM8x60::getParameters() voip_flag=
12-14 02:38:45.867 V/AudioHardwareMSM8660(141): AudioStreamOutMSM8x60::getParameters() voip_flag=
12-14 02:38:45.887 V/AudioHardwareMSM8660(141): AudioStreamOutMSM8x60::getParameters() voip_flag=
12-14 02:38:45.897 V/AudioHardwareMSM8660(141): AudioStreamOutMSM8x60::getParameters() voip_flag=
12-14 02:38:46.027 I/ActivityManager(447): START u0 {act=android.intent.action.MAIN cat=[android.intent.category.HOME] flg=0x10040000 pkg=com.cyanogenmod.trebuchet cmp=com.cyanogenmod.trebuchet/.Launcher} from pid 650
12-14 02:38:46.047 I/am_pause_activity(447): [0,1089231440,com.nolanlawson.logcat/.LogcatActivity]
12-14 02:38:46.047 I/am_task_to_front(447): [0,3]
12-14 02:38:46.047 I/am_new_intent(447): [0,1100180720,3,com.cyanogenmod.trebuchet/.Launcher,android.intent.action.MAIN,NULL,NULL,272891904]
12-14 02:38:46.127 I/am_on_paused_called(6105): [0,com.nolanlawson.logcat.LogcatActivity]
12-14 02:38:46.137 I/am_resume_activity(447): [0,1095404920,3,com.cyanogenmod.trebuchet/.Launcher]
12-14 02:38:46.197 I/am_on_resume_called(827): [0,com.cyanogenmod.trebuchet.Launcher]
12-14 02:38:48.750 D/BluetoothAdapter(548): 1088980320: getState() :  mService = null. Returning STATE_OFF
12-14 02:38:48.750 D/BluetoothAdapter(548): 1088980320: getState() :  mService = null. Returning STATE_OFF
12-14 02:38:48.750 D/BluetoothManagerService(447): checkIfCallerIsForegroundUser: valid=true callingUser=0 foregroundUser=0
12-14 02:38:48.750 D/BluetoothManagerService(447): enable():  mBluetooth =null mBinding = false
12-14 02:38:48.800 D/BluetoothManagerService(447): Message: 1
12-14 02:38:48.790 I/backup_data_changed(447): com.android.providers.settings
12-14 02:38:48.800 D/BluetoothManagerService(447): MESSAGE_ENABLE: mBluetooth = null
12-14 02:38:48.800 I/am_create_service(447): [0,1090652136,com.android.bluetooth/.btservice.AdapterService,5422]
12-14 02:38:48.810 D/BluetoothAdapterService(5422): REFCOUNT: CREATED. INSTANCE_COUNT2
12-14 02:38:48.810 D/BluetoothAdapterState(5422): make
12-14 02:38:48.810 I/bluedroid(5422): init
12-14 02:38:48.810 I/bte_conf(5422): Attempt to load stack conf from /etc/bluetooth/bt_stack.conf
12-14 02:38:48.820 I/bluedroid(5422): get_profile_interface socket
12-14 02:38:48.820 I/GKI_LINUX(5422): gki_task_entry: gki_task_entry task_id=1 [BTIF] starting
12-14 02:38:48.830 D/BluetoothManagerService(447): BluetoothServiceConnection: connected to AdapterService
12-14 02:38:48.830 D/BluetoothManagerService(447): Message: 40
12-14 02:38:48.830 D/BluetoothManagerService(447): MESSAGE_BLUETOOTH_SERVICE_CONNECTED
12-14 02:38:48.830 D/BluetoothManagerService(447): Calling onBluetoothServiceUp callbacks
12-14 02:38:48.830 D/BluetoothManagerService(447): Broadcasting onBluetoothServiceUp() to 11 receivers.
12-14 02:38:48.830 D/BluetoothManagerService(447): Bluetooth Adapter name changed to 4GS viii
12-14 02:38:48.830 D/BluetoothManagerService(447): Stored Bluetooth name: 4GS viii
12-14 02:38:48.840 V/AudioHardwareMSM8660(141): AudioStreamOutMSM8x60::getParameters() voip_flag=
12-14 02:38:48.850 D/BluetoothAdapterService(5422): Broadcasting updateAdapterState() to 1 receivers.
12-14 02:38:48.850 D/BluetoothManagerService(447): Message: 60
12-14 02:38:48.870 I/am_create_service(447): [0,1098455224,com.android.bluetooth/.hfp.HeadsetService,5422]
12-14 02:38:48.850 D/BluetoothManagerService(447): MESSAGE_BLUETOOTH_STATE_CHANGE: prevState = 10, newState=11
12-14 02:38:48.880 I/am_create_service(447): [0,1095843352,com.android.bluetooth/.a2dp.A2dpService,5422]
12-14 02:38:48.850 D/BluetoothManagerService(447): Bluetooth State Change Intent: 10 -> 11
12-14 02:38:48.880 I/am_create_service(447): [0,1095776104,com.android.bluetooth/.hid.HidService,5422]
12-14 02:38:48.850 D/BluetoothBondStateMachine(5422): make
12-14 02:38:48.890 I/am_create_service(447): [0,1096413056,com.android.bluetooth/.hdp.HealthService,5422]
12-14 02:38:48.860 V/AudioHardwareMSM8660(141): AudioStreamOutMSM8x60::getParameters() voip_flag=
12-14 02:38:48.900 I/am_create_service(447): [0,1091760992,com.android.bluetooth/.pan.PanService,5422]
12-14 02:38:48.860 D/BluetoothAdapterService(1089157744)( 5422): getState(): mAdapterProperties: com.android.bluetooth.btservice.AdapterProperties@40eb3e20
12-14 02:38:48.860 V/AudioHardwareMSM8660(141): AudioStreamOutMSM8x60::getParameters() voip_flag=
12-14 02:38:48.860 D/BluetoothAdapterService(1089157744)( 5422): getState(): mAdapterProperties: com.android.bluetooth.btservice.AdapterProperties@40eb3e20
12-14 02:38:48.870 I/BluetoothBondStateMachine(5422): StableState(): Entering Off State
12-14 02:38:48.880 D/HeadsetService(5422): Received start request. Starting profile...
12-14 02:38:48.880 D/HeadsetStateMachine(5422): make
12-14 02:38:48.880 V/AudioHardwareMSM8660(141): AudioStreamOutMSM8x60::getParameters() voip_flag=
12-14 02:38:48.890 V/AudioHardwareMSM8660(141): AudioStreamOutMSM8x60::getParameters() voip_flag=
12-14 02:38:48.900 I/bluedroid(5422): get_profile_interface handsfree
12-14 02:38:48.900 E/bt-btif (5422): btif_enable_service: current services:0x100040
12-14 02:38:48.910 D/A2dpService(5422): Received start request. Starting profile...
12-14 02:38:48.910 D/A2dpStateMachine(5422): make
12-14 02:38:48.910 I/bluedroid(5422): get_profile_interface a2dp
12-14 02:38:48.910 I/GKI_LINUX(5422): gki_task_entry: gki_task_entry task_id=2 [A2DP-MEDIA] starting
12-14 02:38:48.910 E/bt-btif (5422): btif_enable_service: current services:0x140040
12-14 02:38:48.920 D/HidService(5422): Received start request. Starting profile...
12-14 02:38:48.920 I/bluedroid(5422): get_profile_interface hidhost
12-14 02:38:48.920 E/bt-btif (5422): btif_enable_service: current services:0x140040
12-14 02:38:48.920 D/HealthService(5422): Received start request. Starting profile...
12-14 02:38:48.920 D/A2dpStateMachine(5422): Enter Disconnected: -2
12-14 02:38:48.920 I/bluedroid(5422): get_profile_interface health
12-14 02:38:48.930 D/BluetoothAdapterService(5422): Profile still not running:com.android.bluetooth.hdp.HealthService
12-14 02:38:48.930 D/PanService(5422): Received start request. Starting profile...
12-14 02:38:48.930 D/BluetoothPanServiceJni(5422): initializeNative(L110): pan
12-14 02:38:48.930 I/bluedroid(5422): get_profile_interface pan
12-14 02:38:48.930 D/BluetoothAdapterService(5422): Profile still not running:com.android.bluetooth.hdp.HealthService
12-14 02:38:48.930 D/BluetoothAdapterService(5422): Profile still not running:com.android.bluetooth.hdp.HealthService
12-14 02:38:48.930 D/BluetoothAdapterService(5422): Profile still not running:com.android.bluetooth.pan.PanService
12-14 02:38:48.930 D/BluetoothMasReceiver(5422): Bluetooth STATE CHANGED to 11
12-14 02:38:48.940 I/bluedroid(5422): enable
12-14 02:38:48.940 I/bt_hci_bdroid(5422): init
12-14 02:38:48.940 I/bt_vendor(5422): init
12-14 02:38:48.940 I/bt_vnd_conf(5422): Attempt to load conf from /etc/bluetooth/bt_vendor.conf
12-14 02:38:48.940 D/BTSNOOP-DISP(5422): btsnoop_open
12-14 02:38:48.940 I/bt_hci_bdroid(5422): bt_hc_worker_thread started
12-14 02:38:48.990 I/bt_userial_vendor(5422): userial vendor open: opening /dev/ttyHS0
12-14 02:38:48.990 I/bt_userial_vendor(5422): device fd = 75 open
12-14 02:38:48.990 I/GKI_LINUX(5422): gki_task_entry: gki_task_entry task_id=0 [BTU] starting
12-14 02:38:49.000 D/AuthorizationBluetoothService(848): Received Bluetooth event: Intent { act=android.bluetooth.adapter.action.STATE_CHANGED flg=0x8000010 cmp=com.google.android.gms/.auth.be.proximity.authorization.bt.AuthorizationBluetoothService$BluetoothStateChangeReceiver (has extras) }.
12-14 02:38:49.100 D/PBL-BT  (4944): 02:38:49.054 BTDiscoveryControl.connectBluetoothSystemReceiver():259> connecting to new btsystemreceiver
12-14 02:38:49.120 I/bt_hwcfg(5422): bt vendor lib: set UART baud 3000000
12-14 02:38:49.150 D/bt_hwcfg(5422): Chipset BCM4329B1
12-14 02:38:49.150 D/bt_hwcfg(5422): Target name = [BCM4329B1]
12-14 02:38:49.160 D/bt_hwcfg(5422): Target name = [BCM4329]
12-14 02:38:49.160 I/bt_hwcfg(5422): Found patchfile: /system/vendor/firmware//bcm4329.hcd
12-14 02:38:49.210 E/bt_h4   (5422): [h4] Unknown HCI message type drop this byte 0x34
12-14 02:38:49.210 E/bt_h4   (5422): [h4] Unknown HCI message type drop this byte 0x31
12-14 02:38:49.461 I/bt_hwcfg(5422): bt vendor lib: set UART baud 115200
12-14 02:38:49.461 D/bt_hwcfg(5422): Settlement delay -- 100 ms
12-14 02:38:49.571 I/bt_hwcfg(5422): bt vendor lib: set UART baud 3000000
12-14 02:38:49.571 I/bt_hwcfg(5422): Setting local bd addr to D4:20:6D:19:D3:4C
12-14 02:38:49.601 I/bt_hwcfg(5422): vendor lib fwcfg completed
12-14 02:38:49.601 I/        (5422): BTE_InitTraceLevels -- TRC_HCI
12-14 02:38:49.601 I/        (5422): BTE_InitTraceLevels -- TRC_L2CAP
12-14 02:38:49.601 I/        (5422): BTE_InitTraceLevels -- TRC_RFCOMM
12-14 02:38:49.601 I/        (5422): BTE_InitTraceLevels -- TRC_AVDT
12-14 02:38:49.601 I/        (5422): BTE_InitTraceLevels -- TRC_AVRC
12-14 02:38:49.601 I/        (5422): BTE_InitTraceLevels -- TRC_A2D
12-14 02:38:49.601 I/        (5422): BTE_InitTraceLevels -- TRC_BNEP
12-14 02:38:49.601 I/        (5422): BTE_InitTraceLevels -- TRC_BTM
12-14 02:38:49.601 I/        (5422): BTE_InitTraceLevels -- TRC_PAN
12-14 02:38:49.601 I/        (5422): BTE_InitTraceLevels -- TRC_SDP
12-14 02:38:49.601 I/        (5422): BTE_InitTraceLevels -- TRC_BTAPP
12-14 02:38:49.601 I/        (5422): BTE_InitTraceLevels -- TRC_BTIF
12-14 02:38:49.641 E/bt-btif (5422): Calling BTA_HhEnable
12-14 02:38:49.641 E/bt-btif (5422): ## btif_config_get assert section && *section && key && *key && name && *name && bytes && type failed at line:182 ##
12-14 02:38:49.641 E/bt-btif (5422): btif_storage_get_adapter_property service_mask:0x140040
12-14 02:38:49.651 D/BluetoothManagerService(447): Bluetooth Adapter name changed to 4GS viii
12-14 02:38:49.651 D/BluetoothManagerService(447): Stored Bluetooth name: 4GS viii
12-14 02:38:49.661 D/PBL-BT  (4944): 02:38:49.671 BTDiscoveryControl.connectBluetoothSystemReceiver():259> connecting to new btsystemreceiver
12-14 02:38:49.681 E/BluetoothRemoteDevices(5422): devicePropertyChangedCallback: bdDevice: 00:07:04:C8:76:3D, value is empty for type: 10
12-14 02:38:49.691 W/BluetoothHeadset(4827): Proxy not attached to service
12-14 02:38:49.691 W/BluetoothA2dp(4827): Proxy not attached to service
12-14 02:38:49.691 E/BluetoothRemoteDevices(5422): devicePropertyChangedCallback: bdDevice: 00:18:33:E0:EC:CE, value is empty for type: 10
12-14 02:38:49.701 E/BluetoothRemoteDevices(5422): devicePropertyChangedCallback: bdDevice: 00:23:7F:1F:ED:D4, value is empty for type: 10
12-14 02:38:49.701 D/PBL-BT  (4944): 02:38:49.714 BTDiscoveryControl.connectBluetoothSystemReceiver():259> connecting to new btsystemreceiver
12-14 02:38:49.711 E/BluetoothRemoteDevices(5422): devicePropertyChangedCallback: bdDevice: 00:18:6B:72:DB:66, value is empty for type: 10
12-14 02:38:49.791 I/notification_cancel(447): [com.android.phone,2,NULL,0,0,64]
12-14 02:38:49.711 I/bt_hwcfg(5422): SCO PCM configure {0, 0, 0, 0, 0}
12-14 02:38:49.801 I/binder_sample(4944): [android.bluetooth.IBluetooth,1,39,com.getpebble.android,7]
12-14 02:38:49.711 I/bte_conf(5422): Attempt to load did conf from /etc/bluetooth/bt_did.conf
12-14 02:38:49.711 D/        (5422): bta_pan_co_init
12-14 02:38:49.711 I/bte_conf(5422): [1] primary_record=1 vendor_id=0x000F vendor_id_source=0x0001 product_id=0x1200 version=0x1436
12-14 02:38:49.711 I/bte_conf(5422): Attempt to load did conf from /etc/bluetooth/bt_did.conf
12-14 02:38:49.711 I/bte_conf(5422): Attempt to load did conf from /etc/bluetooth/bt_did.conf
12-14 02:38:49.711 E/bt-btif (5422): ## btif_config_get assert section && *section && key && *key && name && *name && bytes && type failed at line:182 ##
12-14 02:38:49.711 D/BluetoothPanServiceJni(5422): control_state_callback(L61): state:0, local_role:0, ifname:bt-pan
12-14 02:38:49.711 D/BluetoothAdapterProperties(5422): ScanMode =  20
12-14 02:38:49.711 D/BluetoothAdapterProperties(5422): State =  11
12-14 02:38:49.711 D/BluetoothAdapterService(5422): Broadcasting updateAdapterState() to 1 receivers.
12-14 02:38:49.711 W/BluetoothHeadset(4827): Proxy not attached to service
12-14 02:38:49.711 W/BluetoothA2dp(4827): Proxy not attached to service
12-14 02:38:49.721 D/BluetoothAdapterService(1089157744)( 5422): getState(): mAdapterProperties: com.android.bluetooth.btservice.AdapterProperties@40eb3e20
12-14 02:38:49.721 D/BluetoothManagerService(447): Message: 60
12-14 02:38:49.721 D/BluetoothManagerService(447): MESSAGE_BLUETOOTH_STATE_CHANGE: prevState = 11, newState=12
12-14 02:38:49.721 D/BluetoothManagerService(447): Broadcasting onBluetoothStateChange(true) to 10 receivers.
12-14 02:38:49.721 D/BluetoothA2dp(4827): onBluetoothStateChange: up=true
12-14 02:38:49.721 D/BluetoothAdapterService(1089157744)( 5422): Get Bonded Devices being called
12-14 02:38:49.731 D/BluetoothAdapterService(1089157744)( 5422): getState(): mAdapterProperties: com.android.bluetooth.btservice.AdapterProperties@40eb3e20
12-14 02:38:49.731 W/BluetoothHeadset(4827): Proxy not attached to service
12-14 02:38:49.731 W/BluetoothA2dp(4827): Proxy not attached to service
12-14 02:38:49.731 D/BluetoothAdapterService(5422): Auto Connecting Headset Profile with device 00:18:6B:72:DB:66
12-14 02:38:49.731 D/PBL-BT  (4944): 02:38:49.746 BTDiscoveryControl.connectBluetoothSystemReceiver():259> connecting to new btsystemreceiver
12-14 02:38:49.731 W/ContextImpl(4827): Calling a method in the system process without a qualified user: android.app.ContextImpl.bindService:1458 android.content.ContextWrapper.bindService:473 android.bluetooth.BluetoothA2dp$1.onBluetoothStateChange:131 android.bluetooth.IBluetoothStateChangeCallback$Stub.onTransact:55 android.os.Binder.execTransact:351 
12-14 02:38:49.741 E/bt_h4   (5422): vendor lib postload completed
12-14 02:38:49.741 D/BluetoothAdapterService(1089157744)( 5422): Get Bonded Devices being called
12-14 02:38:49.741 I/BluetoothHeadsetServiceJni(5422): connectHfpNative: sBluetoothHfpInterface: 0x5a3ff760
12-14 02:38:49.741 D/BluetoothAdapterService(1089157744)( 5422): getState(): mAdapterProperties: com.android.bluetooth.btservice.AdapterProperties@40eb3e20
12-14 02:38:49.751 D/BluetoothAdapterProperties(5422): CONNECTION_STATE_CHANGE: 00:18:6B:72:DB:66: 0 -> 1
12-14 02:38:49.751 D/BluetoothHeadset(447): onBluetoothStateChange: up=true
12-14 02:38:49.751 D/BluetoothAdapterService(1089157744)( 5422): getState(): mAdapterProperties: com.android.bluetooth.btservice.AdapterProperties@40eb3e20
12-14 02:38:49.751 W/ContextImpl(447): Calling a method in the system process without a qualified user: android.app.ContextImpl.bindService:1458 android.bluetooth.BluetoothHeadset$1.onBluetoothStateChange:244 com.android.server.BluetoothManagerService.sendBluetoothStateCallback:471 com.android.server.BluetoothManagerService.bluetoothStateChangeHandler:1049 com.android.server.BluetoothManagerService.access$2700:46 
12-14 02:38:49.761 D/BluetoothHeadset(627): onBluetoothStateChange: up=true
12-14 02:38:49.761 D/BluetoothHeadset(447): Proxy object connected
12-14 02:38:49.771 D/BluetoothAdapterService(1089157744)( 5422): getState(): mAdapterProperties: com.android.bluetooth.btservice.AdapterProperties@40eb3e20
12-14 02:38:49.771 D/BluetoothAdapterService(5422): Auto Connecting A2DP Profile with device 00:18:6B:72:DB:66
12-14 02:38:49.771 D/A2dpStateMachine(5422): Disconnected process message: 1
12-14 02:38:49.771 D/BluetoothHeadset(4827): onBluetoothStateChange: up=true
12-14 02:38:49.771 D/BluetoothAdapterService(1089157744)( 5422): Get Bonded Devices being called
12-14 02:38:49.771 I/BluetoothA2dpServiceJni(5422): connectA2dpNative: sBluetoothA2dpInterface: 0x5a3ff7b8
12-14 02:38:49.771 D/A2dpStateMachine(5422): Exit Disconnected: 1
12-14 02:38:49.771 D/A2dpStateMachine(5422): Enter Pending: 1
12-14 02:38:50.001 I/am_create_service(447): [0,1092750384,com.android.bluetooth/.pbap.BluetoothPbapService,5422]
12-14 02:38:49.771 W/ContextImpl(4827): Calling a method in the system process without a qualified user: android.app.ContextImpl.bindService:1458 android.content.ContextWrapper.bindService:473 android.bluetooth.BluetoothHeadset$1.onBluetoothStateChange:244 android.bluetooth.IBluetoothStateChangeCallback$Stub.onTransact:55 android.os.Binder.execTransact:351 
12-14 02:38:50.021 I/am_create_service(447): [0,1099905808,com.android.settings/.bluetooth.DockService,4827]
12-14 02:38:49.781 D/BluetoothPan(4827): onBluetoothStateChange(on) call bindService
12-14 02:38:50.041 I/am_destroy_service(447): [0,1099905808,4827]
12-14 02:38:49.781 D/A2dpStateMachine(5422): Connection state 00:18:6B:72:DB:66: 0->1
12-14 02:38:50.051 I/am_create_service(447): [0,1097850840,com.android.bluetooth/.opp.BluetoothOppService,5422]
12-14 02:38:49.781 D/BluetoothAdapterService(1089157744)( 5422): getState(): mAdapterProperties: com.android.bluetooth.btservice.AdapterProperties@40eb3e20
12-14 02:38:50.071 I/notification_cancel_all(447): [com.android.bluetooth,0,0,64]
12-14 02:38:49.781 D/BluetoothPan(4827): BluetoothPan(), bindService called
12-14 02:38:50.081 I/am_create_service(447): [0,1095832264,com.android.bluetooth/.map.BluetoothMasService,5422]
12-14 02:38:49.781 D/BluetoothPbap(4827): onBluetoothStateChange: up=true
12-14 02:38:50.161 I/notification_cancel(447): [com.android.bluetooth,-1000005,NULL,0,0,64]
12-14 02:38:49.781 D/BluetoothAdapterService(1089157744)( 5422): getState(): mAdapterProperties: com.android.bluetooth.btservice.AdapterProperties@40eb3e20
12-14 02:38:50.171 I/notification_cancel(447): [com.android.bluetooth,-1000006,NULL,0,0,64]
12-14 02:38:49.781 W/ContextImpl(4827): Calling a method in the system process without a qualified user: android.app.ContextImpl.bindService:1458 android.content.ContextWrapper.bindService:473 android.bluetooth.BluetoothPan$1.onBluetoothStateChange:173 android.bluetooth.IBluetoothStateChangeCallback$Stub.onTransact:55 android.os.Binder.execTransact:351 
12-14 02:38:49.781 W/ContextImpl(4827): Calling a method in the system process without a qualified user: android.app.ContextImpl.bindService:1458 android.content.ContextWrapper.bindService:473 android.bluetooth.BluetoothPbap$1.onBluetoothStateChange:132 android.bluetooth.IBluetoothStateChangeCallback$Stub.onTransact:55 android.os.Binder.execTransact:351 
12-14 02:38:50.261 I/am_create_service(447): [0,1089530776,com.getpebble.android/.core.PebbleService,4944]
12-14 02:38:49.791 D/BluetoothHeadset(627): Proxy object connected
12-14 02:38:49.791 D/BluetoothInputDevice(4827): onBluetoothStateChange: up=true
12-14 02:38:49.791 D/BluetoothHeadset(627): onBluetoothStateChange: up=true
12-14 02:38:49.791 W/ContextImpl(4827): Calling a method in the system process without a qualified user: android.app.ContextImpl.bindService:1458 android.content.ContextWrapper.bindService:473 android.bluetooth.BluetoothInputDevice$1.onBluetoothStateChange:209 android.bluetooth.IBluetoothStateChangeCallback$Stub.onTransact:55 android.os.Binder.execTransact:351 
12-14 02:38:49.801 W/BluetoothHeadset(4827): Proxy not attached to service
12-14 02:38:49.801 D/BluetoothHeadset(627): Proxy object connected
12-14 02:38:49.801 D/BluetoothPan(447): onBluetoothStateChange(on) call bindService
12-14 02:38:49.801 W/BluetoothHeadset(4827): Proxy not attached to service
12-14 02:38:49.801 D/BluetoothAdapterService(1089157744)( 5422): getState(): mAdapterProperties: com.android.bluetooth.btservice.AdapterProperties@40eb3e20
12-14 02:38:49.801 D/BluetoothPan(447): BluetoothPAN Proxy object connected
12-14 02:38:49.801 D/BluetoothPan(447): BluetoothPan(), bindService called
12-14 02:38:49.801 D/BluetoothA2dp(447): onBluetoothStateChange: up=true
12-14 02:38:49.801 W/ContextImpl(447): Calling a method in the system process without a qualified user: android.app.ContextImpl.bindService:1458 android.bluetooth.BluetoothPan$1.onBluetoothStateChange:173 com.android.server.BluetoothManagerService.sendBluetoothStateCallback:471 com.android.server.BluetoothManagerService.bluetoothStateChangeHandler:1049 com.android.server.BluetoothManagerService.access$2700:46 
12-14 02:38:49.811 D/BluetoothAdapterService(1089157744)( 5422): getState(): mAdapterProperties: com.android.bluetooth.btservice.AdapterProperties@40eb3e20
12-14 02:38:49.811 D/BluetoothA2dp(447): Proxy object connected
12-14 02:38:49.811 D/BluetoothAdapterService(1089157744)( 5422): getState(): mAdapterProperties: com.android.bluetooth.btservice.AdapterProperties@40eb3e20
12-14 02:38:49.811 W/BluetoothHeadset(4827): Proxy not attached to service
12-14 02:38:49.811 D/BluetoothManagerService(447): Bluetooth State Change Intent: 11 -> 12
12-14 02:38:49.811 W/ContextImpl(447): Calling a method in the system process without a qualified user: android.app.ContextImpl.bindService:1458 android.bluetooth.BluetoothA2dp$1.onBluetoothStateChange:131 com.android.server.BluetoothManagerService.sendBluetoothStateCallback:471 com.android.server.BluetoothManagerService.bluetoothStateChangeHandler:1049 com.android.server.BluetoothManagerService.access$2700:46 
12-14 02:38:49.821 W/BluetoothHeadset(4827): Proxy not attached to service
12-14 02:38:49.821 W/BluetoothA2dp(4827): Proxy not attached to service
12-14 02:38:49.831 W/BluetoothHeadset(4827): Proxy not attached to service
12-14 02:38:49.831 W/BluetoothA2dp(4827): Proxy not attached to service
12-14 02:38:49.841 D/BluetoothAdapterService(1089157744)( 5422): getState(): mAdapterProperties: com.android.bluetooth.btservice.AdapterProperties@40eb3e20
12-14 02:38:49.841 W/BluetoothHeadset(4827): Proxy not attached to service
12-14 02:38:49.841 W/BluetoothA2dp(4827): Proxy not attached to service
12-14 02:38:49.841 D/CachedBluetoothDevice(4827): onProfileStateChanged: profile HEADSET newProfileState 1
12-14 02:38:49.841 D/BluetoothAdapterService(1089157744)( 5422): getState(): mAdapterProperties: com.android.bluetooth.btservice.AdapterProperties@40eb3e20
12-14 02:38:49.841 D/BluetoothAdapterService(1089157744)( 5422): getState(): mAdapterProperties: com.android.bluetooth.btservice.AdapterProperties@40eb3e20
12-14 02:38:49.851 D/BluetoothAdapterService(1089157744)( 5422): Get Bonded Devices being called
12-14 02:38:49.851 W/BluetoothSystemReceiver(4944): BluetoothDevice.ACTION_UUID for 00:07:04:C8:76:3D
12-14 02:38:49.851 W/BluetoothSystemReceiver(4944): BluetoothDevice.ACTION_UUID: new UUID [0]: 0000111e-0000-1000-8000-00805f9b34fb
12-14 02:38:49.851 E/BluetoothSystemReceiver(4944): Exception: null
12-14 02:38:49.861 D/BluetoothAdapterService(1089157744)( 5422): getState(): mAdapterProperties: com.android.bluetooth.btservice.AdapterProperties@40eb3e20
12-14 02:38:49.871 D/PBL-BT  (4944): 02:38:49.888 BTDiscoveryControl.connectBluetoothSystemReceiver():259> connecting to new btsystemreceiver
12-14 02:38:49.881 D/BluetoothAdapterService(1089157744)( 5422): getState(): mAdapterProperties: com.android.bluetooth.btservice.AdapterProperties@40eb3e20
12-14 02:38:49.881 D/BluetoothAdapterService(1089157744)( 5422): getState(): mAdapterProperties: com.android.bluetooth.btservice.AdapterProperties@40eb3e20
12-14 02:38:49.881 D/BluetoothAdapterService(1089157744)( 5422): getState(): mAdapterProperties: com.android.bluetooth.btservice.AdapterProperties@40eb3e20
12-14 02:38:49.881 D/BluetoothAdapterService(1089157744)( 5422): getState(): mAdapterProperties: com.android.bluetooth.btservice.AdapterProperties@40eb3e20
12-14 02:38:49.891 D/BluetoothAdapterService(1089157744)( 5422): Get Bonded Devices being called
12-14 02:38:49.891 D/PBL-BT  (4944): 02:38:49.902 BTDiscoveryControl.connectBluetoothSystemReceiver():259> connecting to new btsystemreceiver
12-14 02:38:49.891 D/BluetoothAdapterService(1089157744)( 5422): getState(): mAdapterProperties: com.android.bluetooth.btservice.AdapterProperties@40eb3e20
12-14 02:38:49.901 D/BluetoothA2dp(4827): Proxy object connected
12-14 02:38:49.901 D/A2dpProfile(4827): Bluetooth service connected
12-14 02:38:49.901 D/BluetoothHeadset(4827): Proxy object connected
12-14 02:38:49.901 D/HeadsetProfile(4827): Bluetooth service connected
12-14 02:38:49.901 D/BluetoothAdapterService(1089157744)( 5422): getState(): mAdapterProperties: com.android.bluetooth.btservice.AdapterProperties@40eb3e20
12-14 02:38:49.911 D/CachedBluetoothDevice(4827): onProfileStateChanged: profile A2DP newProfileState 1
12-14 02:38:49.911 D/BluetoothAdapterService(1089157744)( 5422): getState(): mAdapterProperties: com.android.bluetooth.btservice.AdapterProperties@40eb3e20
12-14 02:38:50.321 I/notification_enqueue(447): [com.getpebble.android,4243,NULL,0,Notification(pri=0 contentView=com.getpebble.android/0x109008f vibrate=null sound=null defaults=0x0 flags=0x4a kind=[null])]
12-14 02:38:49.911 W/BluetoothSystemReceiver(4944): BluetoothDevice.ACTION_UUID for 00:18:33:E0:EC:CE
12-14 02:38:49.911 W/BluetoothSystemReceiver(4944): BluetoothDevice.ACTION_UUID: new UUID [0]: 00001101-0000-1000-8000-00805f9b34fb
12-14 02:38:49.911 D/BluetoothPan(4827): BluetoothPAN Proxy object connected
12-14 02:38:49.911 D/PanProfile(4827): Bluetooth service connected
12-14 02:38:49.911 E/BluetoothSystemReceiver(4944): Exception: null
12-14 02:38:49.911 D/BluetoothInputDevice(4827): Proxy object connected
12-14 02:38:49.911 D/HidProfile(4827): Bluetooth service connected
12-14 02:38:49.911 D/BluetoothAdapterService(1089157744)( 5422): getState(): mAdapterProperties: com.android.bluetooth.btservice.AdapterProperties@40eb3e20
12-14 02:38:49.921 D/BluetoothAdapterService(1089157744)( 5422): getState(): mAdapterProperties: com.android.bluetooth.btservice.AdapterProperties@40eb3e20
12-14 02:38:49.921 D/BluetoothAdapterService(1089157744)( 5422): Get Bonded Devices being called
12-14 02:38:49.921 D/PBL-BT  (4944): 02:38:49.932 BTDiscoveryControl.connectBluetoothSystemReceiver():259> connecting to new btsystemreceiver
12-14 02:38:49.921 D/BluetoothAdapterService(1089157744)( 5422): getState(): mAdapterProperties: com.android.bluetooth.btservice.AdapterProperties@40eb3e20
12-14 02:38:49.931 D/PBL-BT  (4944): 02:38:49.949 BTDiscoveryControl.connectBluetoothSystemReceiver():259> connecting to new btsystemreceiver
12-14 02:38:49.941 D/BluetoothAdapterService(1089157744)( 5422): getState(): mAdapterProperties: com.android.bluetooth.btservice.AdapterProperties@40eb3e20
12-14 02:38:49.941 W/BluetoothSystemReceiver(4944): BluetoothDevice.ACTION_UUID for 00:23:7F:1F:ED:D4
12-14 02:38:49.941 W/BluetoothSystemReceiver(4944): BluetoothDevice.ACTION_UUID: new UUID [0]: 00001108-0000-1000-8000-00805f9b34fb
12-14 02:38:49.941 E/BluetoothSystemReceiver(4944): Exception: null
12-14 02:38:49.951 D/PBL-BT  (4944): 02:38:49.964 BTDiscoveryControl.connectBluetoothSystemReceiver():259> connecting to new btsystemreceiver
12-14 02:38:49.951 D/BluetoothAdapterService(1089157744)( 5422): getState(): mAdapterProperties: com.android.bluetooth.btservice.AdapterProperties@40eb3e20
12-14 02:38:49.961 D/PBL-BT  (4944): 02:38:49.977 BTDiscoveryControl.connectBluetoothSystemReceiver():259> connecting to new btsystemreceiver
12-14 02:38:49.971 D/BluetoothAdapterService(1089157744)( 5422): getState(): mAdapterProperties: com.android.bluetooth.btservice.AdapterProperties@40eb3e20
12-14 02:38:49.971 W/BluetoothSystemReceiver(4944): BluetoothDevice.ACTION_UUID for 00:18:6B:72:DB:66
12-14 02:38:49.971 W/BluetoothSystemReceiver(4944): BluetoothDevice.ACTION_UUID: new UUID [0]: 00001101-0000-1000-8000-00805f9b34fb
12-14 02:38:49.971 E/BluetoothSystemReceiver(4944): Exception: null
12-14 02:38:49.981 D/PBL-BT  (4944): 02:38:49.992 BTDiscoveryControl.connectBluetoothSystemReceiver():259> connecting to new btsystemreceiver
12-14 02:38:49.981 D/BluetoothAdapterService(1089157744)( 5422): getState(): mAdapterProperties: com.android.bluetooth.btservice.AdapterProperties@40eb3e20
12-14 02:38:49.991 D/PBL-BT  (4944): 02:38:50.003 BTDiscoveryControl.connectBluetoothSystemReceiver():259> connecting to new btsystemreceiver
12-14 02:38:49.991 D/BluetoothAdapterService(1089157744)( 5422): getState(): mAdapterProperties: com.android.bluetooth.btservice.AdapterProperties@40eb3e20
12-14 02:38:50.021 D/BluetoothAdapterService(1089157744)( 5422): getState(): mAdapterProperties: com.android.bluetooth.btservice.AdapterProperties@40eb3e20
12-14 02:38:50.021 W/ContextImpl(4827): Calling a method in the system process without a qualified user: android.app.ContextImpl.startService:1404 android.content.ContextWrapper.startService:450 android.content.ContextWrapper.startService:450 com.android.settings.bluetooth.DockEventReceiver.beginStartingService:134 com.android.settings.bluetooth.DockEventReceiver.onReceive:115 
12-14 02:38:50.031 D/BluetoothPbap(4827): Proxy object connected
12-14 02:38:50.031 D/PbapServerProfile(4827): Bluetooth service connected
12-14 02:38:50.041 D/BluetoothManagerService(447): checkIfCallerIsForegroundUser: valid=true callingUser=0 foregroundUser=0
12-14 02:38:50.041 D/DockEventReceiver(4827): finishStartingService: stopping service
12-14 02:38:50.081 D/BluetoothMasReceiver(5422): Bluetooth STATE CHANGED to 12
12-14 02:38:50.091 D/dalvikvm(6105): GC_CONCURRENT freed 4614K, 47% free 5746K/10660K, paused 6ms+35ms, total 193ms
12-14 02:38:50.091 W/BluetoothAdapter(5422): getBluetoothService() called with no BluetoothManagerCallback
12-14 02:38:50.091 E/BluetoothServiceJni(5422): SOCK FLAG = 1 ***********************
12-14 02:38:50.101 D/BluetoothManagerService(447): checkIfCallerIsForegroundUser: valid=true callingUser=0 foregroundUser=0
12-14 02:38:50.111 D/BluetoothAdapterService(1089157744)( 5422): getState(): mAdapterProperties: com.android.bluetooth.btservice.AdapterProperties@40eb3e20
12-14 02:38:50.121 W/BluetoothAdapter(5422): getBluetoothService() called with no BluetoothManagerCallback
12-14 02:38:50.131 E/BluetoothServiceJni(5422): SOCK FLAG = 0 ***********************
12-14 02:38:50.131 I/BtOppRfcommListener(5422): Accept thread started.
12-14 02:38:50.131 D/BluetoothManagerService(447): checkIfCallerIsForegroundUser: valid=true callingUser=0 foregroundUser=0
12-14 02:38:50.141 D/BluetoothManagerService(447): checkIfCallerIsForegroundUser: valid=true callingUser=0 foregroundUser=0
12-14 02:38:50.141 W/BluetoothAdapter(5422): getBluetoothService() called with no BluetoothManagerCallback
12-14 02:38:50.141 E/BluetoothServiceJni(5422): SOCK FLAG = 3 ***********************
12-14 02:38:50.141 W/BluetoothAdapter(5422): getBluetoothService() called with no BluetoothManagerCallback
12-14 02:38:50.141 E/BluetoothServiceJni(5422): SOCK FLAG = 3 ***********************
12-14 02:38:50.171 D/BluetoothAdapterService(1089157744)( 5422): getState(): mAdapterProperties: com.android.bluetooth.btservice.AdapterProperties@40eb3e20
12-14 02:38:50.181 D/AuthorizationBluetoothService(848): Received Bluetooth event: Intent { act=android.bluetooth.adapter.action.STATE_CHANGED flg=0x8000010 cmp=com.google.android.gms/.auth.be.proximity.authorization.bt.AuthorizationBluetoothService$BluetoothStateChangeReceiver (has extras) }.
12-14 02:38:50.181 E/AuthorizationBluetoothService(848): Proximity feature is not enabled.
12-14 02:38:50.211 W/InputMethodManagerService(447): Window already focused, ignoring focus gain of: com.android.internal.view.IInputMethodClient$Stub$Proxy@40f01080 attribute=null, token = android.os.BinderProxy@411e55e0
12-14 02:38:50.251 D/dalvikvm(4944): GC_CONCURRENT freed 1933K, 54% free 5220K/11284K, paused 2ms+3ms, total 60ms
12-14 02:38:50.251 D/PBL-BT  (4944): 02:38:50.264 BTDiscoveryControl.connectBluetoothSystemReceiver():259> connecting to new btsystemreceiver
12-14 02:38:50.251 D/BluetoothAdapterService(1089157744)( 5422): getState(): mAdapterProperties: com.android.bluetooth.btservice.AdapterProperties@40eb3e20
12-14 02:38:50.251 D/BluetoothAdapterService(1089157744)( 5422): getState(): mAdapterProperties: com.android.bluetooth.btservice.AdapterProperties@40eb3e20
12-14 02:38:50.251 I/PblAndroid(4944): Bluetooth turned on; starting PebbleService
12-14 02:38:50.281 D/PBL-BT  (4944): 02:38:50.296 BluetoothConnectionManager.registerHandler():173> Registered a new protocol handler 'PHONE_VERSION'
12-14 02:38:50.281 D/PBL-BT  (4944): 02:38:50.298 BluetoothConnectionManager.registerHandler():173> Registered a new protocol handler 'TIME'
12-14 02:38:50.281 D/PBL-BT  (4944): 02:38:50.300 BluetoothConnectionManager.registerHandler():173> Registered a new protocol handler 'LOGS'
12-14 02:38:50.291 D/PBL-BT  (4944): 02:38:50.302 BluetoothConnectionManager.registerHandler():173> Registered a new protocol handler 'MUSIC_CONTROL'
12-14 02:38:50.291 D/PBL-BT  (4944): 02:38:50.304 BluetoothConnectionManager.registerHandler():173> Registered a new protocol handler 'PHONE_CONTROL'
12-14 02:38:50.291 D/PBL-BT  (4944): 02:38:50.305 BluetoothConnectionManager.registerHandler():173> Registered a new protocol handler 'APP_MESSAGE'
12-14 02:38:50.291 D/PBL-BT  (4944): 02:38:50.307 BluetoothConnectionManager.registerHandler():173> Registered a new protocol handler 'APP_LIFECYCLE'
12-14 02:38:50.301 D/PBL-BT  (4944): 02:38:50.310 BluetoothConnectionManager.registerHandler():173> Registered a new protocol handler 'DATA_LOG'
12-14 02:38:50.301 D/PblAndroid(4944): PebbleConnection setActualConnectionState = DISCONNECTED_AND_PAIRED
12-14 02:38:50.301 D/PblAndroid(4944): PebbleConnection setDesiredConnectionState = UNKNOWN
12-14 02:38:50.301 I/PblDeveloperConnection(4944): DeveloperConnectionServer started: 0.0.0.0
12-14 02:38:50.301 D/PBL-BT  (4944): 02:38:50.317 BluetoothCompatibilityHacks.getBondedDevicesGuarded():262> entry
12-14 02:38:50.301 D/BluetoothAdapterService(1089157744)( 5422): getState(): mAdapterProperties: com.android.bluetooth.btservice.AdapterProperties@40eb3e20
12-14 02:38:50.301 D/BluetoothAdapterService(1089157744)( 5422): Get Bonded Devices being called
12-14 02:38:50.311 D/PBL-BT  (4944): 02:38:50.322 BluetoothCompatibilityHacks.getBondedDevicesGuarded():276> exit; returning list of 4 items
12-14 02:38:50.311 I/PblAndroid(4944): Attempting to reconnect to last known Pebble: 00:18:33:E0:EC:CE
12-14 02:38:50.311 I/PblAndroid(4944): Connecting to: 00:18:33:E0:EC:CE
12-14 02:38:50.311 D/PblAndroid(4944): connect('00:18:33:E0:EC:CE')
12-14 02:38:50.311 D/PblAndroid(4944): connect('00:18:33:E0:EC:CE', -1)
12-14 02:38:50.311 I/PblAndroid(4944): >> Dumping all Connector threads..
12-14 02:38:50.311 I/PblAndroid(4944): >>> gcd -> removed
12-14 02:38:50.311 I/PblAndroid(4944): >>> gcd -> removed
12-14 02:38:50.311 I/PblAndroid(4944): >> end dump of Connector threads..
12-14 02:38:50.311 D/PblDataLogging(4944): <203> [FROM CURSOR] DataLogSession= 
12-14 02:38:50.311 D/PblDataLogging(4944): {
12-14 02:38:50.311 D/PblDataLogging(4944): 	"_id": "15"
12-14 02:38:50.311 D/PblDataLogging(4944): 	"session_id": "-53"
12-14 02:38:50.311 D/PblDataLogging(4944): 	"uuid": "00000000-0000-0000-0000-000000000000"
12-14 02:38:50.311 D/PblDataLogging(4944): 	"timestamp": "1417398970"
12-14 02:38:50.311 D/PblDataLogging(4944): 	"data_log_tag": "78"
12-14 02:38:50.311 D/PblDataLogging(4944): 	"pbl_data_type": "BYTES"
12-14 02:38:50.311 D/PblDataLogging(4944): 	"item_size ": "269"
12-14 02:38:50.311 D/PblDataLogging(4944): }
12-14 02:38:50.311 D/PblDataLogging(4944): 
12-14 02:38:50.311 D/PblDataLogging(4944): <78> [FROM CURSOR] DataLogSession= 
12-14 02:38:50.311 D/PblDataLogging(4944): {
12-14 02:38:50.311 D/PblDataLogging(4944): 	"_id": "16"
12-14 02:38:50.311 D/PblDataLogging(4944): 	"session_id": "78"
12-14 02:38:50.311 D/PblDataLogging(4944): 	"uuid": "00000000-0000-0000-0000-000000000000"
12-14 02:38:50.311 D/PblDataLogging(4944): 	"timestamp": "1417398970"
12-14 02:38:50.311 D/PblDataLogging(4944): 	"data_log_tag": "78"
12-14 02:38:50.311 D/PblDataLogging(4944): 	"pbl_data_type": "BYTES"
12-14 02:38:50.311 D/PblDataLogging(4944): 	"item_size ": "145"
12-14 02:38:50.311 D/PblDataLogging(4944): }
12-14 02:38:50.311 D/PblDataLogging(4944): 
12-14 02:38:50.311 D/PBL-BT  (4944): 02:38:50.326 BluetoothConnectionManager.connect():226> Attempting to connect to '00:18:33:E0:EC:CE'; uid=0 maxAttempts=100, backoffSeconds=1
12-14 02:38:50.311 D/PblAndroid(4944): Connecting to 00:18:33:E0:EC:CE
12-14 02:38:50.311 D/PblAndroid(4944): PebbleConnection setDesiredConnectionState = CONNECTED_AND_PAIRED
12-14 02:38:50.311 D/PblAndroid(4944): PebbleConnection setActualConnectionState = CONNECTING
12-14 02:38:50.311 E/PblAndroid(4944): 00:18:33:E0:EC:CEActualConnectionState=Connecting, DesiredConnectionState=Connected and paired
12-14 02:38:50.311 D/PBL-BT  (4944): 02:38:50.329 BluetoothConnectionManager.signalConnectionChanged():458> CONNECTING
12-14 02:38:50.311 I/PblAndroid(4944): (3) PebbleConnectorThread()
12-14 02:38:50.311 I/PblAndroid(4944): (3) setDebugState: constructed
12-14 02:38:50.321 I/PblAndroid(4944): (3) setDebugState: runAnyVersion() for version class: JELLYBEAN_4243
12-14 02:38:50.321 I/PblAndroid(4944): (3) setDebugState: connecting to device: 00:18:33:E0:EC:CE
12-14 02:38:50.321 I/PblAndroid(4944): (3) bondState = 12 address = 00:18:33:E0:EC:CE class = f00704 name = Pebble ECCE
12-14 02:38:50.331 I/PblAndroid(4944): (3) setDebugState: createRfcommSocketToServiceRecord
12-14 02:38:50.331 I/PblAndroid(4944): (3) setDebugState: cwchf socket.connect() btSocket.isConnected() = false
12-14 02:38:50.331 W/BluetoothAdapter(4944): getBluetoothService() called with no BluetoothManagerCallback
12-14 02:38:50.331 D/BTIF_SOCK(5422): service_uuid: 00001101-0000-1000-8000-00805f9b34fb
12-14 02:38:50.331 D/BluetoothSocket(4944): connect(), SocketState: INIT, mPfd: {ParcelFileDescriptor: FileDescriptor[74]}
12-14 02:38:50.402 D/dalvikvm(548): GC_FOR_ALLOC freed 2022K, 33% free 7947K/11780K, paused 22ms, total 22ms
12-14 02:38:51.112 I/notification_cancel(447): [com.android.bluetooth,-1000005,NULL,0,0,64]
12-14 02:38:51.112 I/notification_cancel(447): [com.android.bluetooth,-1000006,NULL,0,0,64]
12-14 02:38:51.813 D/AudioHardwareMSM8660(141): AudioStreamOutMSM8x60::standby()
12-14 02:38:51.813 D/AudioHardwareMSM8660(141): Deroute pcm stream
12-14 02:38:51.813 D/AudioHardwareMSM8660(141): deleteFromTable stream 1
12-14 02:38:51.813 D/AudioHardwareMSM8660(141): updateDeviceInfo: E
12-14 02:38:51.813 D/AudioHardwareMSM8660(141): simple device switch
12-14 02:38:51.813 E/AudioHardwareMSM8660(141): value of device and enable is 2 0 ALSA dev id:2
12-14 02:38:51.873 E/AudioHardwareMSM8660(141): value of device and enable is 3 0 ALSA dev id:4
12-14 02:38:51.883 D/AudioHardwareMSM8660(141): do_aic3254_control device: 1 mode: 0 record: 0
12-14 02:38:51.883 D/AudioHardwareMSM8660(141): do_aic3254_control: set aic3254 rx to 29
12-14 02:38:51.923 I/AudioHardwareMSM8660(141): aic3254 powered off
12-14 02:38:52.323 W/bt-btif (5422): info:x10
12-14 02:38:52.413 I/HeadsetService(4751): Headset=false; Bluetooth=true
12-14 02:38:52.413 I/HeadsetService(4751): Selected configuration: bluetooth
12-14 02:38:52.474 I/Effect-DRC(141): Compression factor set to: 1.000000
12-14 02:38:52.474 I/Effect-BassBoost(141): New strength: 0
12-14 02:38:52.474 I/Effect-Equalizer(141): Setting band 0 to 0
12-14 02:38:52.474 I/Effect-Equalizer(141): Setting band 1 to 0
12-14 02:38:52.474 I/Effect-Equalizer(141): Setting band 2 to 0
12-14 02:38:52.484 I/Effect-Equalizer(141): Setting band 3 to 0
12-14 02:38:52.484 I/Effect-Equalizer(141): Setting band 4 to 0
12-14 02:38:52.484 I/Effect-Equalizer(141): Setting loudness correction reference to 100.000000 dB
12-14 02:38:52.514 I/BTConnectionReceiver(1348): onReceive(context, Intent { act=android.bluetooth.device.action.ACL_CONNECTED flg=0x8000010 cmp=com.google.android.googlequicksearchbox/com.google.android.search.core.service.BluetoothConnectionReceiver (has extras) }, [BluetoothDevice: address=00:18:6B:72:DB:66, alias=null, name=LG HBS750, majorDeviceClass=1024, deviceClass=1028]
12-14 02:38:52.514 I/BluetoothClassifier(1348): Bluetooth Device Name: LG HBS750
12-14 02:38:52.534 D/PBL-BT  (4944): 02:38:52.545 BTDiscoveryControl.connectBluetoothSystemReceiver():259> connecting to new btsystemreceiver
12-14 02:38:52.534 D/BluetoothAdapterService(1089157744)( 5422): getState(): mAdapterProperties: com.android.bluetooth.btservice.AdapterProperties@40eb3e20
12-14 02:38:52.534 W/PblAndroid(4944): ACTION_ACL_CONNECTED  for device 00:18:6B:72:DB:66
12-14 02:38:52.654 W/bt-sdp  (5422): process_service_search_attr_rsp
12-14 02:38:52.964 W/bt-btif (5422): info:x10
12-14 02:38:52.974 I/HeadsetService(4751): Headset=false; Bluetooth=true
12-14 02:38:52.974 I/BTConnectionReceiver(1348): onReceive(context, Intent { act=android.bluetooth.device.action.ACL_CONNECTED flg=0x8000010 cmp=com.google.android.googlequicksearchbox/com.google.android.search.core.service.BluetoothConnectionReceiver (has extras) }, [BluetoothDevice: address=00:18:33:E0:EC:CE, alias=null, name=Pebble ECCE, majorDeviceClass=1792, deviceClass=1796]
12-14 02:38:52.974 I/BluetoothClassifier(1348): Bluetooth Device Name: Pebble ECCE
12-14 02:38:52.984 D/PBL-BT  (4944): 02:38:52.996 BTDiscoveryControl.connectBluetoothSystemReceiver():259> connecting to new btsystemreceiver
12-14 02:38:52.994 D/BluetoothAdapterService(1089157744)( 5422): getState(): mAdapterProperties: com.android.bluetooth.btservice.AdapterProperties@40eb3e20
12-14 02:38:52.994 W/PblAndroid(4944): ACTION_ACL_CONNECTED  for device 00:18:33:E0:EC:CE
12-14 02:38:53.134 W/bt-sdp  (5422): process_service_search_attr_rsp
12-14 02:38:53.374 W/bt-btif (5422): new conn_srvc id:5, app_id:0
12-14 02:38:53.384 I/notification_cancel(447): [com.android.phone,2,NULL,0,0,64]
12-14 02:38:53.374 W/bt-btif (5422): bta_dm_pm_ssr conn_srvc id:5, app_id:0
12-14 02:38:53.374 W/bt-btif (5422): bta_dm_pm_ssr:2, lat:1200
12-14 02:38:53.374 I/BluetoothHeadsetServiceJni(5422): connection_state_callback
12-14 02:38:53.374 D/BluetoothAdapterService(1089157744)( 5422): getState(): mAdapterProperties: com.android.bluetooth.btservice.AdapterProperties@40eb3e20
12-14 02:38:53.374 D/BluetoothAdapterService(1089157744)( 5422): getState(): mAdapterProperties: com.android.bluetooth.btservice.AdapterProperties@40eb3e20
12-14 02:38:53.384 D/BluetoothAdapterProperties(5422): CONNECTION_STATE_CHANGE: 00:18:6B:72:DB:66: 1 -> 2
12-14 02:38:53.384 D/BluetoothAdapterService(1089157744)( 5422): Get Bonded Devices being called
12-14 02:38:53.384 V/AudioHardwareMSM8660(141): setParameters() bt_headset_name=LG HBS750;bt_headset_nrec=on
12-14 02:38:53.384 D/AudioHardwareMSM8660(141): Using default acoustic parameters (LG HBS750 not in acoustic database)
12-14 02:38:53.394 V/AudioHardwareMSM8660(141): AudioStreamOutMSM8x60::setParameters() routing=0
12-14 02:38:53.394 V/AudioHardwareMSM8660(141): set output routing 0
12-14 02:38:53.394 D/CachedBluetoothDevice(4827): onProfileStateChanged: profile HEADSET newProfileState 2
12-14 02:38:53.394 D/BluetoothAdapterService(1089157744)( 5422): getState(): mAdapterProperties: com.android.bluetooth.btservice.AdapterProperties@40eb3e20
12-14 02:38:53.394 D/PBL-BT  (4944): 02:38:53.407 BTDiscoveryControl.connectBluetoothSystemReceiver():259> connecting to new btsystemreceiver
12-14 02:38:53.404 D/BluetoothAdapterService(1089157744)( 5422): getState(): mAdapterProperties: com.android.bluetooth.btservice.AdapterProperties@40eb3e20
12-14 02:38:53.545 D/PblAndroid(4944): (3) I connected!
12-14 02:38:53.545 D/PblAndroid(4944): PebbleConnection setActualConnectionState = CONNECTED_AND_PAIRED
12-14 02:38:53.565 E/PblAndroid(4944): 00:18:33:E0:EC:CEActualConnectionState=Connected and paired, DesiredConnectionState=Connected and paired
12-14 02:38:53.565 D/PBL-BT  (4944): 02:38:53.574 BluetoothConnectionManager.signalConnectionChanged():458> CONNECTED_AND_PAIRED
12-14 02:38:53.565 I/PblAndroid(4944): Connected to device
12-14 02:38:53.575 D/PBL-BT  (4944): 02:38:53.589 BluetoothConnectionManager.registerHandler():173> Registered a new protocol handler 'VERSIONS'
12-14 02:38:53.575 I/PblAndroid(4944): PebbleMessage toJson failed: 16
12-14 02:38:53.565 I/notification_enqueue(447): [com.getpebble.android,4243,NULL,0,Notification(pri=-2 contentView=com.getpebble.android/0x109008f vibrate=null sound=null defaults=0x0 flags=0x4a kind=[null])]
12-14 02:38:53.585 D/PBL-BT  (4944): 02:38:53.591 BluetoothConnectionManager.sendMessage():333> sendMessage [{}]
12-14 02:38:53.605 I/PblAndroid(4944): PebbleMessage toJson failed: 17
12-14 02:38:53.615 D/PBL-BT  (4944): 02:38:53.618 BluetoothConnectionManager.sendMessage():333> sendMessage [{}]
12-14 02:38:53.615 I/PblAndroid(4944): PebbleMessage toJson failed: 49
12-14 02:38:53.615 D/PBL-BT  (4944): 02:38:53.623 BluetoothConnectionManager.sendMessage():333> sendMessage [{}]
12-14 02:38:53.615 D/JsKit   (4944): launchInstanceOf() for [JsApplicationInfo{app long name ='Twilight-Clock', app short name ='Twilight-Clock', uuid ='deda1158-4285-4a58-a29c-986d1c20bf8c', version code =2, ui version string='2.1', system keys='[]', app capability keys='[ location configurable ]', appinfo digest fingerprint=10446ed5c66fceec5b67ffa9f5b2b974}::(JsInstalledApplicationInfo){/data/data/com.getpebble.android/app_jskit_installed_apps/Twilight-Clock__2}] is a NO-Go. An instance is already registered
12-14 02:38:53.615 D/PebbleJS(4944): {'runhost client uuid' = 00000000-0000-0000-0000-000000000000}:{'webapp uuid' = deda1158-4285-4a58-a29c-986d1c20bf8c}: ++_JS_LIFECYCLE_++:PREVIOUSLY-RUNNING
12-14 02:38:53.625 D/PBL-BT  (4944): 02:38:53.635 BluetoothConnectionManager.unregisterHandler():185> Unregistered new protocol handler 'VERSIONS'
12-14 02:38:53.625 I/PblAndroid(4944): Firmware Version Info time=4 git=32 gitcomit=8 Recoverf=1 hw=1 md=1
